../Core/Src/main.c:86:5:__io_putchar	16	static
../Core/Src/main.c:239:6:SystemClock_Config	72	static,ignoring_inline_asm
../Core/Src/main.c:592:6:HAL_UART_RxCpltCallback	12	static
../Core/Src/main.c:608:6:vector_to_RAM	32	static
../Core/Src/main.c:677:6:vector_to_Flash	40	static
../Core/Src/main.c:690:6:Flash_to_vector	0	static
../Core/Src/main.c:693:6:print_vecotr	16	static,ignoring_inline_asm
../Core/Src/main.c:700:6:print_double	16	static
../Core/Src/main.c:577:6:print_G0_fin_and_coordenadas	8	static
../Core/Src/main.c:710:8:string_to_double	48	static
../Core/Src/main.c:734:9:_HEX_to_int	0	static
../Core/Src/main.c:749:6:despulsar_limite_arranque	72	static
../Core/Src/main.c:740:6:analizar_switch_arranque	80	static
../Core/Src/main.c:426:6:analizarLineaUART	64	static
../Core/Src/main.c:103:5:main	96	static,ignoring_inline_asm
../Core/Src/main.c:762:6:Error_Handler	0	static,ignoring_inline_asm
